// Jest Snapshot v1, https://goo.gl/fbAQLP

exports[`features/eslint exports a name 1`] = `"ESLint"`;

exports[`features/eslint exports questions 1`] = `
Array [
  Object {
    "choices": Array [
      Object {
        "name": "None",
        "value": "",
      },
      Object {
        "name": "React",
        "value": "react",
      },
      Object {
        "name": "Vue",
        "value": "vue",
      },
    ],
    "message": "What type of JS framework are you using?",
    "name": "framework",
    "type": "list",
  },
]
`;
